2026-08-10T09:00:01+09:00 level=INFO service=demo-api request_id=req-001 message=application_started
2026-08-10T09:00:02+09:00 level=INFO service=demo-api request_id=req-002 method=GET path=/actuator/health status=200 duration_ms=12
2026-08-10T09:00:03+09:00 level=INFO service=demo-api request_id=req-003 method=GET path=/api/products status=200 duration_ms=31
2026-08-10T09:00:04+09:00 level=INFO service=demo-api request_id=req-004 method=POST path=/api/orders status=201 duration_ms=84
2026-08-10T09:00:05+09:00 level=WARN service=demo-api request_id=req-005 message=slow_query duration_ms=780
2026-08-10T09:00:06+09:00 level=INFO service=demo-api request_id=req-006 method=GET path=/api/orders/42 status=200 duration_ms=25
2026-08-10T09:00:07+09:00 level=ERROR service=demo-api request_id=req-007 message=database_connection_timeout retry=1
2026-08-10T09:00:08+09:00 level=INFO service=demo-api request_id=req-007 message=database_connection_recovered
2026-08-10T09:00:09+09:00 level=INFO service=demo-api request_id=req-008 method=GET path=/api/users/me status=200 duration_ms=18
2026-08-10T09:00:10+09:00 level=WARN service=demo-api request_id=req-009 method=GET path=/api/admin status=403 duration_ms=7
2026-08-10T09:00:11+09:00 level=INFO service=demo-api request_id=req-010 method=PUT path=/api/profile status=200 duration_ms=55
2026-08-10T09:00:12+09:00 level=INFO service=demo-api request_id=req-011 method=GET path=/api/products/5 status=200 duration_ms=22
2026-08-10T09:00:13+09:00 level=INFO service=demo-api request_id=req-012 method=DELETE path=/api/cart/3 status=204 duration_ms=19
2026-08-10T09:00:14+09:00 level=WARN service=demo-api request_id=req-013 message=rate_limit_near_threshold remaining=4
2026-08-10T09:00:15+09:00 level=INFO service=demo-api request_id=req-014 method=GET path=/api/cart status=200 duration_ms=27
2026-08-10T09:00:16+09:00 level=ERROR service=demo-api request_id=req-015 method=POST path=/api/payment status=503 duration_ms=1200
2026-08-10T09:00:17+09:00 level=INFO service=demo-api request_id=req-016 method=GET path=/actuator/health status=200 duration_ms=10
2026-08-10T09:00:18+09:00 level=INFO service=demo-api request_id=req-017 message=scheduled_cleanup_completed records=14
2026-08-10T09:00:19+09:00 level=INFO service=demo-api request_id=req-018 method=GET path=/api/reports status=200 duration_ms=91
2026-08-10T09:00:20+09:00 level=INFO service=demo-api request_id=req-019 message=application_ready
